// Vitest Snapshot v1

exports[`returns diff 1`] = `
{
  "added": {
    "en.body": "Newly added key remote in EN only",
    "en.buttons.accept": "Newly added key deep remote in EN only",
  },
  "addedCount": 2,
  "deleted": {
    "en.buttons.skip": undefined,
    "en.title": undefined,
  },
  "deletedCount": 2,
  "totalCount": 5,
  "updated": {
    "en.buttons.confirm": "Different translation local/remote",
  },
  "updatedCount": 1,
}
`;
