// Jest Snapshot v1, https://goo.gl/fbAQLP

exports[`readFiles with namespaces 1`] = `
Object {
  "en": Object {
    "common:actions": Object {
      "confirm": "Confirm",
      "dismiss": "Dismiss",
    },
    "home:hero": Object {
      "description": "It is used in the tests",
      "title": "Welcome to the dummy data",
    },
  },
  "es": Object {
    "common:actions": Object {
      "confirm": "Confirmar",
      "dismiss": "Despedir",
    },
    "home:hero": Object {
      "description": "Se utiliza en las pruebas",
      "title": "Bienvenido a los datos ficticios",
    },
  },
  "nl": Object {
    "common:actions": Object {
      "confirm": "Bevestigen",
      "dismiss": "Annuleren",
    },
    "home:hero": Object {
      "description": "Ze wordt gebruikt bij de testen",
      "title": "Welkom in de dummy data",
    },
  },
}
`;

exports[`readFiles without namespaces 1`] = `
Object {
  "en": Object {
    "common:actions": Object {
      "confirm": "Confirm",
      "dismiss": "Dismiss",
    },
    "home:hero": Object {
      "description": "It is used in the tests",
      "title": "Welcome to the dummy data",
    },
  },
  "es": Object {
    "common:actions": Object {
      "confirm": "Confirmar",
      "dismiss": "Despedir",
    },
    "home:hero": Object {
      "description": "Se utiliza en las pruebas",
      "title": "Bienvenido a los datos ficticios",
    },
  },
  "nl": Object {
    "common:actions": Object {
      "confirm": "Bevestigen",
      "dismiss": "Annuleren",
    },
    "home:hero": Object {
      "description": "Ze wordt gebruikt bij de testen",
      "title": "Welkom in de dummy data",
    },
  },
}
`;
