// Vitest Snapshot v1

exports[`readFiles with namespaces 1`] = `
{
  "en": {
    "common:actions": {
      "confirm": "Confirm",
      "dismiss": "Dismiss",
    },
    "home:hero": {
      "description": "It is used in the tests",
      "title": "Welcome to the dummy data",
    },
  },
  "es": {
    "common:actions": {
      "confirm": "Confirmar",
      "dismiss": "Despedir",
    },
    "home:hero": {
      "description": "Se utiliza en las pruebas",
      "title": "Bienvenido a los datos ficticios",
    },
  },
  "nl": {
    "common:actions": {
      "confirm": "Bevestigen",
      "dismiss": "Annuleren",
    },
    "home:hero": {
      "description": "Ze wordt gebruikt bij de testen",
      "title": "Welkom in de dummy data",
    },
  },
}
`;

exports[`readFiles without namespaces 1`] = `
{
  "en": {
    "common:actions": {
      "confirm": "Confirm",
      "dismiss": "Dismiss",
    },
    "home:hero": {
      "description": "It is used in the tests",
      "title": "Welcome to the dummy data",
    },
  },
  "es": {
    "common:actions": {
      "confirm": "Confirmar",
      "dismiss": "Despedir",
    },
    "home:hero": {
      "description": "Se utiliza en las pruebas",
      "title": "Bienvenido a los datos ficticios",
    },
  },
  "nl": {
    "common:actions": {
      "confirm": "Bevestigen",
      "dismiss": "Annuleren",
    },
    "home:hero": {
      "description": "Ze wordt gebruikt bij de testen",
      "title": "Welkom in de dummy data",
    },
  },
}
`;
